// Jest Snapshot v1, https://goo.gl/fbAQLP

exports[`RequestAPI should match the snapshot 1`] = `"<div class=\\"Grid__container RequestAPI\\"><div class=\\"Row__container RequestAPI__title\\"><div class=\\"Column__container Column__xs-4 Column__sm-8 Column__md-12 Column__lg-12\\"><p class=\\"TextBody__text--2\\"> Here you will find an example using <strong>Axios</strong> in order to consume a public API. This example uses the <a class=\\"Link__link\\" href=\\"https://jsonplaceholder.typicode.com\\" target=\\"_blank\\" rel=\\"noopener noreferrer\\">jsonplaceholder</a> public API.</p></div></div><div class=\\"Row__container RequestAPI__field\\"><div class=\\"Column__container Column__xs-4 Column__sm-8 Column__md-8 Column__lg-8 Column__offset-md-2\\"><div class=\\"InputContainer__input\\"><label class=\\"Label__label\\" for=\\"text-field-1-input\\" label=\\"Data\\" id=\\"text-field-1-label\\">Data<span class=\\"Label__label--inline Label__label--secondary\\">(Data to send)</span></label><input type=\\"text\\" id=\\"text-field-1-input\\" value=\\"\\" placeholder=\\"e.g. Jonh Doe\\" class=\\"Input__input\\"/></div></div></div><div class=\\"Row__container Row__container--justify-center RequestAPI__field\\"><div class=\\"Column__container Column__xs-4 Column__sm-4 Column__md-2 Column__lg-2\\"><button class=\\"ButtonCore__button Button__button--primary RequestAPI__button-get\\"><span class=\\"ButtonCore__block\\"><span class=\\"ButtonCore__text\\">GET</span></span></button></div><div class=\\"Column__container Column__xs-4 Column__sm-4 Column__md-2 Column__lg-2\\"><button class=\\"ButtonCore__button Button__button--secondary RequestAPI__button-post\\"><span class=\\"ButtonCore__block\\"><span class=\\"ButtonCore__text\\">POST</span></span></button></div><div class=\\"Column__container Column__xs-4 Column__sm-4 Column__md-2 Column__lg-2\\"><button class=\\"ButtonCore__button Button__button--secondary RequestAPI__button-put\\"><span class=\\"ButtonCore__block\\"><span class=\\"ButtonCore__text\\">PUT</span></span></button></div><div class=\\"Column__container Column__xs-4 Column__sm-4 Column__md-2 Column__lg-2\\"><button class=\\"ButtonCore__button Button__button--secondary RequestAPI__button-delete\\"><span class=\\"ButtonCore__block\\"><span class=\\"ButtonCore__text\\">DELETE</span></span></button></div></div><div></div></div>"`;
